Archive member included to satisfy reference by file (symbol)

D:/STM32_Cube/STM32CubeIDE_1.15.1/STM32CubeIDE/plugins/com.st.stm32cube.ide.mcu.externaltools.gnu-tools-for-stm32.12.3.rel1.win32_1.0.100.202403111256/tools/bin/../lib/gcc/arm-none-eabi/12.3.1/../../../../arm-none-eabi/lib/thumb/v7-m/nofp\libc_nano.a(libc_a-exit.o)
                              D:/STM32_Cube/STM32CubeIDE_1.15.1/STM32CubeIDE/plugins/com.st.stm32cube.ide.mcu.externaltools.gnu-tools-for-stm32.12.3.rel1.win32_1.0.100.202403111256/tools/bin/../lib/gcc/arm-none-eabi/12.3.1/../../../../arm-none-eabi/lib/thumb/v7-m/nofp/crt0.o (exit)
D:/STM32_Cube/STM32CubeIDE_1.15.1/STM32CubeIDE/plugins/com.st.stm32cube.ide.mcu.externaltools.gnu-tools-for-stm32.12.3.rel1.win32_1.0.100.202403111256/tools/bin/../lib/gcc/arm-none-eabi/12.3.1/../../../../arm-none-eabi/lib/thumb/v7-m/nofp\libc_nano.a(libc_a-malloc.o)
                              ./Driver/Src/STM32F103C8T6_SPI_Driver.o (malloc)
D:/STM32_Cube/STM32CubeIDE_1.15.1/STM32CubeIDE/plugins/com.st.stm32cube.ide.mcu.externaltools.gnu-tools-for-stm32.12.3.rel1.win32_1.0.100.202403111256/tools/bin/../lib/gcc/arm-none-eabi/12.3.1/../../../../arm-none-eabi/lib/thumb/v7-m/nofp\libc_nano.a(libc_a-mallocr.o)
                              D:/STM32_Cube/STM32CubeIDE_1.15.1/STM32CubeIDE/plugins/com.st.stm32cube.ide.mcu.externaltools.gnu-tools-for-stm32.12.3.rel1.win32_1.0.100.202403111256/tools/bin/../lib/gcc/arm-none-eabi/12.3.1/../../../../arm-none-eabi/lib/thumb/v7-m/nofp\libc_nano.a(libc_a-malloc.o) (_malloc_r)
D:/STM32_Cube/STM32CubeIDE_1.15.1/STM32CubeIDE/plugins/com.st.stm32cube.ide.mcu.externaltools.gnu-tools-for-stm32.12.3.rel1.win32_1.0.100.202403111256/tools/bin/../lib/gcc/arm-none-eabi/12.3.1/../../../../arm-none-eabi/lib/thumb/v7-m/nofp\libc_nano.a(libc_a-mlock.o)
                              D:/STM32_Cube/STM32CubeIDE_1.15.1/STM32CubeIDE/plugins/com.st.stm32cube.ide.mcu.externaltools.gnu-tools-for-stm32.12.3.rel1.win32_1.0.100.202403111256/tools/bin/../lib/gcc/arm-none-eabi/12.3.1/../../../../arm-none-eabi/lib/thumb/v7-m/nofp\libc_nano.a(libc_a-mallocr.o) (__malloc_lock)
D:/STM32_Cube/STM32CubeIDE_1.15.1/STM32CubeIDE/plugins/com.st.stm32cube.ide.mcu.externaltools.gnu-tools-for-stm32.12.3.rel1.win32_1.0.100.202403111256/tools/bin/../lib/gcc/arm-none-eabi/12.3.1/../../../../arm-none-eabi/lib/thumb/v7-m/nofp\libc_nano.a(libc_a-findfp.o)
                              D:/STM32_Cube/STM32CubeIDE_1.15.1/STM32CubeIDE/plugins/com.st.stm32cube.ide.mcu.externaltools.gnu-tools-for-stm32.12.3.rel1.win32_1.0.100.202403111256/tools/bin/../lib/gcc/arm-none-eabi/12.3.1/../../../../arm-none-eabi/lib/thumb/v7-m/nofp\libc_nano.a(libc_a-exit.o) (__stdio_exit_handler)
D:/STM32_Cube/STM32CubeIDE_1.15.1/STM32CubeIDE/plugins/com.st.stm32cube.ide.mcu.externaltools.gnu-tools-for-stm32.12.3.rel1.win32_1.0.100.202403111256/tools/bin/../lib/gcc/arm-none-eabi/12.3.1/../../../../arm-none-eabi/lib/thumb/v7-m/nofp\libc_nano.a(libc_a-fwalk.o)
                              D:/STM32_Cube/STM32CubeIDE_1.15.1/STM32CubeIDE/plugins/com.st.stm32cube.ide.mcu.externaltools.gnu-tools-for-stm32.12.3.rel1.win32_1.0.100.202403111256/tools/bin/../lib/gcc/arm-none-eabi/12.3.1/../../../../arm-none-eabi/lib/thumb/v7-m/nofp\libc_nano.a(libc_a-findfp.o) (_fwalk_sglue)
D:/STM32_Cube/STM32CubeIDE_1.15.1/STM32CubeIDE/plugins/com.st.stm32cube.ide.mcu.externaltools.gnu-tools-for-stm32.12.3.rel1.win32_1.0.100.202403111256/tools/bin/../lib/gcc/arm-none-eabi/12.3.1/../../../../arm-none-eabi/lib/thumb/v7-m/nofp\libc_nano.a(libc_a-stdio.o)
                              D:/STM32_Cube/STM32CubeIDE_1.15.1/STM32CubeIDE/plugins/com.st.stm32cube.ide.mcu.externaltools.gnu-tools-for-stm32.12.3.rel1.win32_1.0.100.202403111256/tools/bin/../lib/gcc/arm-none-eabi/12.3.1/../../../../arm-none-eabi/lib/thumb/v7-m/nofp\libc_nano.a(libc_a-findfp.o) (__sread)
D:/STM32_Cube/STM32CubeIDE_1.15.1/STM32CubeIDE/plugins/com.st.stm32cube.ide.mcu.externaltools.gnu-tools-for-stm32.12.3.rel1.win32_1.0.100.202403111256/tools/bin/../lib/gcc/arm-none-eabi/12.3.1/../../../../arm-none-eabi/lib/thumb/v7-m/nofp\libc_nano.a(libc_a-memset.o)
                              D:/STM32_Cube/STM32CubeIDE_1.15.1/STM32CubeIDE/plugins/com.st.stm32cube.ide.mcu.externaltools.gnu-tools-for-stm32.12.3.rel1.win32_1.0.100.202403111256/tools/bin/../lib/gcc/arm-none-eabi/12.3.1/../../../../arm-none-eabi/lib/thumb/v7-m/nofp/crt0.o (memset)
D:/STM32_Cube/STM32CubeIDE_1.15.1/STM32CubeIDE/plugins/com.st.stm32cube.ide.mcu.externaltools.gnu-tools-for-stm32.12.3.rel1.win32_1.0.100.202403111256/tools/bin/../lib/gcc/arm-none-eabi/12.3.1/../../../../arm-none-eabi/lib/thumb/v7-m/nofp\libc_nano.a(libc_a-closer.o)
                              D:/STM32_Cube/STM32CubeIDE_1.15.1/STM32CubeIDE/plugins/com.st.stm32cube.ide.mcu.externaltools.gnu-tools-for-stm32.12.3.rel1.win32_1.0.100.202403111256/tools/bin/../lib/gcc/arm-none-eabi/12.3.1/../../../../arm-none-eabi/lib/thumb/v7-m/nofp\libc_nano.a(libc_a-stdio.o) (_close_r)
[...]
Memory Configuration

Name             Origin             Length             Attributes
RAM              0x20000000         0x00005000         xrw
FLASH            0x08000000         0x00010000         xr
*default*        0x00000000         0xffffffff

Linker script and memory map

LOAD D:/STM32_Cube/STM32CubeIDE_1.15.1/STM32CubeIDE/plugins/com.st.stm32cube.ide.mcu.externaltools.gnu-tools-for-stm32.12.3.rel1.win32_1.0.100.202403111256/tools/bin/../lib/gcc/arm-none-eabi/12.3.1/thumb/v7-m/nofp/crti.o
LOAD D:/STM32_Cube/STM32CubeIDE_1.15.1/STM32CubeIDE/plugins/com.st.stm32cube.ide.mcu.externaltools.gnu-tools-for-stm32.12.3.rel1.win32_1.0.100.202403111256/tools/bin/../lib/gcc/arm-none-eabi/12.3.1/thumb/v7-m/nofp/crtbegin.o
LOAD D:/STM32_Cube/STM32CubeIDE_1.15.1/STM32CubeIDE/plugins/com.st.stm32cube.ide.mcu.externaltools.gnu-tools-for-stm32.12.3.rel1.win32_1.0.100.202403111256/tools/bin/../lib/gcc/arm-none-eabi/12.3.1/../../../../arm-none-eabi/lib/thumb/v7-m/nofp/crt0.o
LOAD ./Driver/Src/STM32F103C8T6_GPIO_Driver.o
LOAD ./Driver/Src/STM32F103C8T6_I2C_Driver.o
LOAD ./Driver/Src/STM32F103C8T6_SPI_Driver.o
LOAD ./Driver/Src/STM32F103C8T6_TIM_Driver.o
LOAD ./Src/TIM_General_InputCapture.o
LOAD ./Src/syscalls.o
LOAD ./Src/sysmem.o
LOAD ./Startup/startup_stm32f103c8tx.o
START GROUP
LOAD D:/STM32_Cube/STM32CubeIDE_1.15.1/STM32CubeIDE/plugins/com.st.stm32cube.ide.mcu.externaltools.gnu-tools-for-stm32.12.3.rel1.win32_1.0.100.202403111256/tools/bin/../lib/gcc/arm-none-eabi/12.3.1/../../../../arm-none-eabi/lib/thumb/v7-m/nofp\libc_nano.a
LOAD D:/STM32_Cube/STM32CubeIDE_1.15.1/STM32CubeIDE/plugins/com.st.stm32cube.ide.mcu.externaltools.gnu-tools-for-stm32.12.3.rel1.win32_1.0.100.202403111256/tools/bin/../lib/gcc/arm-none-eabi/12.3.1/../../../../arm-none-eabi/lib/thumb/v7-m/nofp\libm.a
END GROUP
START GROUP
LOAD D:/STM32_Cube/STM32CubeIDE_1.15.1/STM32CubeIDE/plugins/com.st.stm32cube.ide.mcu.externaltools.gnu-tools-for-stm32.12.3.rel1.win32_1.0.100.202403111256/tools/bin/../lib/gcc/arm-none-eabi/12.3.1/thumb/v7-m/nofp\libgcc.a
LOAD D:/STM32_Cube/STM32CubeIDE_1.15.1/STM32CubeIDE/plugins/com.st.stm32cube.ide.mcu.externaltools.gnu-tools-for-stm32.12.3.rel1.win32_1.0.100.202403111256/tools/bin/../lib/gcc/arm-none-eabi/12.3.1/../../../../arm-none-eabi/lib/thumb/v7-m/nofp\libc_nano.a
END GROUP
START GROUP
LOAD D:/STM32_Cube/STM32CubeIDE_1.15.1/STM32CubeIDE/plugins/com.st.stm32cube.ide.mcu.externaltools.gnu-tools-for-stm32.12.3.rel1.win32_1.0.100.202403111256/tools/bin/../lib/gcc/arm-none-eabi/12.3.1/thumb/v7-m/nofp\libgcc.a
LOAD D:/STM32_Cube/STM32CubeIDE_1.15.1/STM32CubeIDE/plugins/com.st.stm32cube.ide.mcu.externaltools.gnu-tools-for-stm32.12.3.rel1.win32_1.0.100.202403111256/tools/bin/../lib/gcc/arm-none-eabi/12.3.1/../../../../arm-none-eabi/lib/thumb/v7-m/nofp\libc_nano.a
LOAD D:/STM32_Cube/STM32CubeIDE_1.15.1/STM32CubeIDE/plugins/com.st.stm32cube.ide.mcu.externaltools.gnu-tools-for-stm32.12.3.rel1.win32_1.0.100.202403111256/tools/bin/../lib/gcc/arm-none-eabi/12.3.1/../../../../arm-none-eabi/lib/thumb/v7-m/nofp\libnosys.a
END GROUP
START GROUP
LOAD D:/STM32_Cube/STM32CubeIDE_1.15.1/STM32CubeIDE/plugins/com.st.stm32cube.ide.mcu.externaltools.gnu-tools-for-stm32.12.3.rel1.win32_1.0.100.202403111256/tools/bin/../lib/gcc/arm-none-eabi/12.3.1/thumb/v7-m/nofp\libgcc.a
LOAD D:/STM32_Cube/STM32CubeIDE_1.15.1/STM32CubeIDE/plugins/com.st.stm32cube.ide.mcu.externaltools.gnu-tools-for-stm32.12.3.rel1.win32_1.0.100.202403111256/tools/bin/../lib/gcc/arm-none-eabi/12.3.1/../../../../arm-none-eabi/lib/thumb/v7-m/nofp\libc_nano.a
LOAD D:/STM32_Cube/STM32CubeIDE_1.15.1/STM32CubeIDE/plugins/com.st.stm32cube.ide.mcu.externaltools.gnu-tools-for-stm32.12.3.rel1.win32_1.0.100.202403111256/tools/bin/../lib/gcc/arm-none-eabi/12.3.1/../../../../arm-none-eabi/lib/thumb/v7-m/nofp\libnosys.a
END GROUP
LOAD D:/STM32_Cube/STM32CubeIDE_1.15.1/STM32CubeIDE/plugins/com.st.stm32cube.ide.mcu.externaltools.gnu-tools-for-stm32.12.3.rel1.win32_1.0.100.202403111256/tools/bin/../lib/gcc/arm-none-eabi/12.3.1/thumb/v7-m/nofp/crtend.o
LOAD D:/STM32_Cube/STM32CubeIDE_1.15.1/STM32CubeIDE/plugins/com.st.stm32cube.ide.mcu.externaltools.gnu-tools-for-stm32.12.3.rel1.win32_1.0.100.202403111256/tools/bin/../lib/gcc/arm-none-eabi/12.3.1/thumb/v7-m/nofp/crtn.o
                0x20005000                        _estack = (ORIGIN (RAM) + LENGTH (RAM))
                0x00000200                        _Min_Heap_Size = 0x200
                0x00000400                        _Min_Stack_Size = 0x400

.isr_vector     0x08000000      0x130
                0x08000000                        . = ALIGN (0x4)
 *(.isr_vector)
 .isr_vector    0x08000000      0x130 ./Startup/startup_stm32f103c8tx.o
                0x08000000                g_pfnVectors
                0x08000130                        . = ALIGN (0x4)

.text           0x08000130      0xe4c
                0x08000130                        . = ALIGN (0x4)
 *(.text)
 .text          0x08000130       0x40 D:/STM32_Cube/STM32CubeIDE_1.15.1/STM32CubeIDE/plugins/com.st.stm32cube.ide.mcu.externaltools.gnu-tools-for-stm32.12.3.rel1.win32_1.0.100.202403111256/tools/bin/../lib/gcc/arm-none-eabi/12.3.1/thumb/v7-m/nofp/crtbegin.o
 *(.text*)
 .text.AFIO_Init
                0x08000170       0x1c ./Driver/Src/STM32F103C8T6_GPIO_Driver.o
                0x08000170                AFIO_Init
 .text.EXTIxValue_FromPort
                0x0800018c       0x84 ./Driver/Src/STM32F103C8T6_GPIO_Driver.o
                0x0800018c                EXTIxValue_FromPort
 .text.GPIO_Init
                0x08000210      0x2a0 ./Driver/Src/STM32F103C8T6_GPIO_Driver.o
                0x08000210                GPIO_Init
 .text.GPIO_ClkControl
                0x080004b0      0x110 ./Driver/Src/STM32F103C8T6_GPIO_Driver.o
                0x080004b0                GPIO_ClkControl
 .text.TIM_IRQPriorityConFig
                0x080005c0       0x82 ./Driver/Src/STM32F103C8T6_TIM_Driver.o
                0x080005c0                TIM_IRQPriorityConFig
 *fill*         0x08000642        0x2 
 .text.TIM_IRQConFig
                0x08000644      0x120 ./Driver/Src/STM32F103C8T6_TIM_Driver.o
                0x08000644                TIM_IRQConFig
 .text.TIM_General_ClkControl
                0x08000764       0xdc ./Driver/Src/STM32F103C8T6_TIM_Driver.o
                0x08000764                TIM_General_ClkControl
 .text.TIM_General_Init
                0x08000840       0x8c ./Driver/Src/STM32F103C8T6_TIM_Driver.o
                0x08000840                TIM_General_Init
 .text.TIM_General_CounterEnable
                0x080008cc       0x36 ./Driver/Src/STM32F103C8T6_TIM_Driver.o
                0x080008cc                TIM_General_CounterEnable
 .text.TIM_General_EventInterruptControl
                0x08000902       0x48 ./Driver/Src/STM32F103C8T6_TIM_Driver.o
                0x08000902                TIM_General_EventInterruptControl
 .text.TIM_General_ClearInterrupttFlag
                0x0800094a       0x2a ./Driver/Src/STM32F103C8T6_TIM_Driver.o
                0x0800094a                TIM_General_ClearInterrupttFlag
 .text.TIM_General_Start
                0x08000974       0x24 ./Driver/Src/STM32F103C8T6_TIM_Driver.o
                0x08000974                TIM_General_Start
 .text.TIM_General_Stop
                0x08000998       0x24 ./Driver/Src/STM32F103C8T6_TIM_Driver.o
                0x08000998                TIM_General_Stop
 .text.TIM_General_IC_Init
                0x080009bc      0x1c8 ./Driver/Src/STM32F103C8T6_TIM_Driver.o
                0x080009bc                TIM_General_IC_Init
 .text.TIM_General_IC_Start
                0x08000b84       0x38 ./Driver/Src/STM32F103C8T6_TIM_Driver.o
                0x08000b84                TIM_General_IC_Start
 .text.TIM_General_IC_Start_IT
                0x08000bbc       0xcc ./Driver/Src/STM32F103C8T6_TIM_Driver.o
                0x08000bbc                TIM_General_IC_Start_IT
 .text.TIM_General_IC_FilterConfig
                0x08000c88      0x140 ./Driver/Src/STM32F103C8T6_TIM_Driver.o
                0x08000c88                TIM_General_IC_FilterConfig
 .text.TIM2_IRQHandler
                0x08000dc8       0x60 ./Src/TIM_General_InputCapture.o
                0x08000dc8                TIM2_IRQHandler
 .text.main     0x08000e28       0xa0 ./Src/TIM_General_InputCapture.o
                0x08000e28                main
 .text.Reset_Handler
                0x08000ec8       0x50 ./Startup/startup_stm32f103c8tx.o
                0x08000ec8                Reset_Handler
 .text.Default_Handler
                0x08000f18        0x2 ./Startup/startup_stm32f103c8tx.o
                0x08000f18                EXTI2_IRQHandler
                0x08000f18                TIM8_TRG_COM_IRQHandler
                0x08000f18                TIM8_CC_IRQHandler
                0x08000f18                DebugMon_Handler
                0x08000f18                TIM1_CC_IRQHandler
                0x08000f18                HardFault_Handler
                0x08000f18                TIM6_IRQHandler
                0x08000f18                SysTick_Handler
                0x08000f18                PVD_IRQHandler
                0x08000f18                SDIO_IRQHandler
                0x08000f18                PendSV_Handler
                0x08000f18                NMI_Handler
                0x08000f18                EXTI3_IRQHandler
                0x08000f18                USB_HP_CAN_TX_IRQHandler
                0x08000f18                EXTI0_IRQHandler
                0x08000f18                I2C2_EV_IRQHandler
                0x08000f18                UsageFault_Handler
                0x08000f18                ADC1_2_IRQHandler
                0x08000f18                SPI1_IRQHandler
                0x08000f18                CAN_SCE_IRQHandler
                0x08000f18                TAMPER_IRQHandler
                0x08000f18                TIM8_UP_IRQHandler
                0x08000f18                DMA2_Channel2_IRQHandler
                0x08000f18                DMA1_Channel4_IRQHandler
                0x08000f18                USART3_IRQHandler
                0x08000f18                RTC_IRQHandler
                0x08000f18                DMA1_Channel7_IRQHandler
                0x08000f18                UART5_IRQHandler
                0x08000f18                ADC3_IRQHandler
                0x08000f18                TIM4_IRQHandler
                0x08000f18                CAN_RX1_IRQHandler
                0x08000f18                DMA2_Channel1_IRQHandler
                0x08000f18                I2C1_EV_IRQHandler
                0x08000f18                DMA1_Channel6_IRQHandler
                0x08000f18                UART4_IRQHandler
                0x08000f18                TIM3_IRQHandler
                0x08000f18                RCC_IRQHandler
                0x08000f18                TIM1_TRG_COM_IRQHandler
                0x08000f18                DMA1_Channel1_IRQHandler
                0x08000f18                Default_Handler
                0x08000f18                EXTI15_10_IRQHandler
                0x08000f18                TIM7_IRQHandler
                0x08000f18                TIM5_IRQHandler
                0x08000f18                EXTI9_5_IRQHandler
                0x08000f18                SPI2_IRQHandler
                0x08000f18                USB_LP_CAN_RX0_IRQHandler
                0x08000f18                MemManage_Handler
                0x08000f18                SVC_Handler
                0x08000f18                DMA1_Channel5_IRQHandler
                0x08000f18                EXTI4_IRQHandler
                0x08000f18                DMA1_Channel3_IRQHandler
                0x08000f18                FSMC_IRQHandler
                0x08000f18                TIM1_UP_IRQHandler
                0x08000f18                WWDG_IRQHandler
                0x08000f18                TIM1_BRK_IRQHandler
                0x08000f18                EXTI1_IRQHandler
                0x08000f18                RTCAlarm_IRQHandler
                0x08000f18                DMA2_Channel4_5_IRQHandler
                0x08000f18                USART2_IRQHandler
                0x08000f18                I2C2_ER_IRQHandler
                0x08000f18                DMA1_Channel2_IRQHandler
                0x08000f18                TIM8_BRK_IRQHandler
                0x08000f18                FLASH_IRQHandler
                0x08000f18                BusFault_Handler
                0x08000f18                USART1_IRQHandler
                0x08000f18                SPI3_IRQHandler
                0x08000f18                I2C1_ER_IRQHandler
                0x08000f18                DMA2_Channel3_IRQHandler
 *fill*         0x08000f1a        0x2 
 .text.__libc_init_array
                0x08000f1c       0x48 D:/STM32_Cube/STM32CubeIDE_1.15.1/STM32CubeIDE/plugins/com.st.stm32cube.ide.mcu.externaltools.gnu-tools-for-stm32.12.3.rel1.win32_1.0.100.202403111256/tools/bin/../lib/gcc/arm-none-eabi/12.3.1/../../../../arm-none-eabi/lib/thumb/v7-m/nofp\libc_nano.a(libc_a-init.o)
                0x08000f1c                __libc_init_array
 *(.glue_7)
 .glue_7        0x08000f64        0x0 linker stubs
 *(.glue_7t)
 .glue_7t       0x08000f64        0x0 linker stubs
 *(.eh_frame)
 .eh_frame      0x08000f64        0x0 D:/STM32_Cube/STM32CubeIDE_1.15.1/STM32CubeIDE/plugins/com.st.stm32cube.ide.mcu.externaltools.gnu-tools-for-stm32.12.3.rel1.win32_1.0.100.202403111256/tools/bin/../lib/gcc/arm-none-eabi/12.3.1/thumb/v7-m/nofp/crtbegin.o
 *(.init)
 .init          0x08000f64        0x4 D:/STM32_Cube/STM32CubeIDE_1.15.1/STM32CubeIDE/plugins/com.st.stm32cube.ide.mcu.externaltools.gnu-tools-for-stm32.12.3.rel1.win32_1.0.100.202403111256/tools/bin/../lib/gcc/arm-none-eabi/12.3.1/thumb/v7-m/nofp/crti.o
                0x08000f64                _init
 .init          0x08000f68        0x8 D:/STM32_Cube/STM32CubeIDE_1.15.1/STM32CubeIDE/plugins/com.st.stm32cube.ide.mcu.externaltools.gnu-tools-for-stm32.12.3.rel1.win32_1.0.100.202403111256/tools/bin/../lib/gcc/arm-none-eabi/12.3.1/thumb/v7-m/nofp/crtn.o
 *(.fini)
 .fini          0x08000f70        0x4 D:/STM32_Cube/STM32CubeIDE_1.15.1/STM32CubeIDE/plugins/com.st.stm32cube.ide.mcu.externaltools.gnu-tools-for-stm32.12.3.rel1.win32_1.0.100.202403111256/tools/bin/../lib/gcc/arm-none-eabi/12.3.1/thumb/v7-m/nofp/crti.o
                0x08000f70                _fini
 .fini          0x08000f74        0x8 D:/STM32_Cube/STM32CubeIDE_1.15.1/STM32CubeIDE/plugins/com.st.stm32cube.ide.mcu.externaltools.gnu-tools-for-stm32.12.3.rel1.win32_1.0.100.202403111256/tools/bin/../lib/gcc/arm-none-eabi/12.3.1/thumb/v7-m/nofp/crtn.o
                0x08000f7c                        . = ALIGN (0x4)
                0x08000f7c                        _etext = .

.vfp11_veneer   0x08000f7c        0x0
 .vfp11_veneer  0x08000f7c        0x0 linker stubs

.v4_bx          0x08000f7c        0x0
 .v4_bx         0x08000f7c        0x0 linker stubs

.iplt           0x08000f7c        0x0
 .iplt          0x08000f7c        0x0 D:/STM32_Cube/STM32CubeIDE_1.15.1/STM32CubeIDE/plugins/com.st.stm32cube.ide.mcu.externaltools.gnu-tools-for-stm32.12.3.rel1.win32_1.0.100.202403111256/tools/bin/../lib/gcc/arm-none-eabi/12.3.1/thumb/v7-m/nofp/crtbegin.o

.rodata         0x08000f7c        0x0
                0x08000f7c                        . = ALIGN (0x4)
 *(.rodata)
 *(.rodata*)
                0x08000f7c                        . = ALIGN (0x4)

.ARM.extab      0x08000f7c        0x0
                0x08000f7c                        . = ALIGN (0x4)
 *(.ARM.extab* .gnu.linkonce.armextab.*)
                0x08000f7c                        . = ALIGN (0x4)

.ARM            0x08000f7c        0x0
                0x08000f7c                        . = ALIGN (0x4)
                0x08000f7c                        __exidx_start = .
 *(.ARM.exidx*)
                0x08000f7c                        __exidx_end = .
                0x08000f7c                        . = ALIGN (0x4)

.preinit_array  0x08000f7c        0x0
                0x08000f7c                        . = ALIGN (0x4)
                0x08000f7c                        PROVIDE (__preinit_array_start = .)
 *(.preinit_array*)
                0x08000f7c                        PROVIDE (__preinit_array_end = .)
                0x08000f7c                        . = ALIGN (0x4)

.init_array     0x08000f7c        0x4
                0x08000f7c                        . = ALIGN (0x4)
                0x08000f7c                        PROVIDE (__init_array_start = .)
 *(SORT_BY_NAME(.init_array.*))
 *(.init_array*)
 .init_array    0x08000f7c        0x4 D:/STM32_Cube/STM32CubeIDE_1.15.1/STM32CubeIDE/plugins/com.st.stm32cube.ide.mcu.externaltools.gnu-tools-for-stm32.12.3.rel1.win32_1.0.100.202403111256/tools/bin/../lib/gcc/arm-none-eabi/12.3.1/thumb/v7-m/nofp/crtbegin.o
                0x08000f80                        PROVIDE (__init_array_end = .)
                0x08000f80                        . = ALIGN (0x4)

.fini_array     0x08000f80        0x4
                0x08000f80                        . = ALIGN (0x4)
                [!provide]                        PROVIDE (__fini_array_start = .)
 *(SORT_BY_NAME(.fini_array.*))
 *(.fini_array*)
 .fini_array    0x08000f80        0x4 D:/STM32_Cube/STM32CubeIDE_1.15.1/STM32CubeIDE/plugins/com.st.stm32cube.ide.mcu.externaltools.gnu-tools-for-stm32.12.3.rel1.win32_1.0.100.202403111256/tools/bin/../lib/gcc/arm-none-eabi/12.3.1/thumb/v7-m/nofp/crtbegin.o
                [!provide]                        PROVIDE (__fini_array_end = .)
                0x08000f84                        . = ALIGN (0x4)
                0x08000f84                        _sidata = LOADADDR (.data)

.rel.dyn        0x08000f84        0x0
 .rel.iplt      0x08000f84        0x0 D:/STM32_Cube/STM32CubeIDE_1.15.1/STM32CubeIDE/plugins/com.st.stm32cube.ide.mcu.externaltools.gnu-tools-for-stm32.12.3.rel1.win32_1.0.100.202403111256/tools/bin/../lib/gcc/arm-none-eabi/12.3.1/thumb/v7-m/nofp/crtbegin.o

.data           0x20000000        0x4 load address 0x08000f84
                0x20000000                        . = ALIGN (0x4)
                0x20000000                        _sdata = .
 *(.data)
 *(.data*)
 .data.first    0x20000000        0x1 ./Src/TIM_General_InputCapture.o
                0x20000000                first
 *(.RamFunc)
 *(.RamFunc*)
                0x20000004                        . = ALIGN (0x4)
 *fill*         0x20000001        0x3 
                0x20000004                        _edata = .

.igot.plt       0x20000004        0x0 load address 0x08000f88
 .igot.plt      0x20000004        0x0 D:/STM32_Cube/STM32CubeIDE_1.15.1/STM32CubeIDE/plugins/com.st.stm32cube.ide.mcu.externaltools.gnu-tools-for-stm32.12.3.rel1.win32_1.0.100.202403111256/tools/bin/../lib/gcc/arm-none-eabi/12.3.1/thumb/v7-m/nofp/crtbegin.o
                0x20000004                        . = ALIGN (0x4)

.bss            0x20000004       0x34 load address 0x08000f88
                0x20000004                        _sbss = .
                0x20000004                        __bss_start__ = _sbss
 *(.bss)
 .bss           0x20000004       0x1c D:/STM32_Cube/STM32CubeIDE_1.15.1/STM32CubeIDE/plugins/com.st.stm32cube.ide.mcu.externaltools.gnu-tools-for-stm32.12.3.rel1.win32_1.0.100.202403111256/tools/bin/../lib/gcc/arm-none-eabi/12.3.1/thumb/v7-m/nofp/crtbegin.o
 *(.bss*)
 .bss.TIM2_GP_Handle
                0x20000020        0xc ./Src/TIM_General_InputCapture.o
                0x20000020                TIM2_GP_Handle
 .bss.CC1_Value
                0x2000002c        0x4 ./Src/TIM_General_InputCapture.o
                0x2000002c                CC1_Value
 .bss.CC2_Value
                0x20000030        0x4 ./Src/TIM_General_InputCapture.o
                0x20000030                CC2_Value
 .bss.Result    0x20000034        0x4 ./Src/TIM_General_InputCapture.o
                0x20000034                Result
 *(COMMON)
                0x20000038                        . = ALIGN (0x4)
                0x20000038                        _ebss = .
                0x20000038                        __bss_end__ = _ebss

._user_heap_stack
                0x20000038      0x600 load address 0x08000f88
                0x20000038                        . = ALIGN (0x8)
                [!provide]                        PROVIDE (end = .)
                0x20000038                        PROVIDE (_end = .)
                0x20000238                        . = (. + _Min_Heap_Size)
 *fill*         0x20000038      0x200 
                0x20000638                        . = (. + _Min_Stack_Size)
 *fill*         0x20000238      0x400 
                0x20000638                        . = ALIGN (0x8)

/DISCARD/
 libc.a(*)
 libm.a(*)
 libgcc.a(*)

.ARM.attributes
                0x00000000       0x29
 *(.ARM.attributes)
 .ARM.attributes
                0x00000000       0x1d D:/STM32_Cube/STM32CubeIDE_1.15.1/STM32CubeIDE/plugins/com.st.stm32cube.ide.mcu.externaltools.gnu-tools-for-stm32.12.3.rel1.win32_1.0.100.202403111256/tools/bin/../lib/gcc/arm-none-eabi/12.3.1/thumb/v7-m/nofp/crti.o
 .ARM.attributes
                0x0000001d       0x2d D:/STM32_Cube/STM32CubeIDE_1.15.1/STM32CubeIDE/plugins/com.st.stm32cube.ide.mcu.externaltools.gnu-tools-for-stm32.12.3.rel1.win32_1.0.100.202403111256/tools/bin/../lib/gcc/arm-none-eabi/12.3.1/thumb/v7-m/nofp/crtbegin.o
 .ARM.attributes
                0x0000004a       0x2d ./Driver/Src/STM32F103C8T6_GPIO_Driver.o
 .ARM.attributes
                0x00000077       0x2d ./Driver/Src/STM32F103C8T6_TIM_Driver.o
 .ARM.attributes
                0x000000a4       0x2d ./Src/TIM_General_InputCapture.o
 .ARM.attributes
                0x000000d1       0x21 ./Startup/startup_stm32f103c8tx.o
 .ARM.attributes
                0x000000f2       0x2d D:/STM32_Cube/STM32CubeIDE_1.15.1/STM32CubeIDE/plugins/com.st.stm32cube.ide.mcu.externaltools.gnu-tools-for-stm32.12.3.rel1.win32_1.0.100.202403111256/tools/bin/../lib/gcc/arm-none-eabi/12.3.1/../../../../arm-none-eabi/lib/thumb/v7-m/nofp\libc_nano.a(libc_a-init.o)
 .ARM.attributes
                0x0000011f       0x1d D:/STM32_Cube/STM32CubeIDE_1.15.1/STM32CubeIDE/plugins/com.st.stm32cube.ide.mcu.externaltools.gnu-tools-for-stm32.12.3.rel1.win32_1.0.100.202403111256/tools/bin/../lib/gcc/arm-none-eabi/12.3.1/thumb/v7-m/nofp/crtn.o
OUTPUT(STM32F103C8T6_Driver.elf elf32-littlearm)
LOAD linker stubs
LOAD D:/STM32_Cube/STM32CubeIDE_1.15.1/STM32CubeIDE/plugins/com.st.stm32cube.ide.mcu.externaltools.gnu-tools-for-stm32.12.3.rel1.win32_1.0.100.202403111256/tools/bin/../lib/gcc/arm-none-eabi/12.3.1/../../../../arm-none-eabi/lib/thumb/v7-m/nofp\libc.a
LOAD D:/STM32_Cube/STM32CubeIDE_1.15.1/STM32CubeIDE/plugins/com.st.stm32cube.ide.mcu.externaltools.gnu-tools-for-stm32.12.3.rel1.win32_1.0.100.202403111256/tools/bin/../lib/gcc/arm-none-eabi/12.3.1/../../../../arm-none-eabi/lib/thumb/v7-m/nofp\libm.a
LOAD D:/STM32_Cube/STM32CubeIDE_1.15.1/STM32CubeIDE/plugins/com.st.stm32cube.ide.mcu.externaltools.gnu-tools-for-stm32.12.3.rel1.win32_1.0.100.202403111256/tools/bin/../lib/gcc/arm-none-eabi/12.3.1/thumb/v7-m/nofp\libgcc.a

.debug_info     0x00000000     0x1899
 .debug_info    0x00000000      0x662 ./Driver/Src/STM32F103C8T6_GPIO_Driver.o
 .debug_info    0x00000662      0xd27 ./Driver/Src/STM32F103C8T6_TIM_Driver.o
 .debug_info    0x00001389      0x4e0 ./Src/TIM_General_InputCapture.o
 .debug_info    0x00001869       0x30 ./Startup/startup_stm32f103c8tx.o

.debug_abbrev   0x00000000      0x46d
 .debug_abbrev  0x00000000      0x174 ./Driver/Src/STM32F103C8T6_GPIO_Driver.o
 .debug_abbrev  0x00000174      0x1c6 ./Driver/Src/STM32F103C8T6_TIM_Driver.o
 .debug_abbrev  0x0000033a      0x10f ./Src/TIM_General_InputCapture.o
 .debug_abbrev  0x00000449       0x24 ./Startup/startup_stm32f103c8tx.o

.debug_aranges  0x00000000      0x260
 .debug_aranges
                0x00000000       0xb0 ./Driver/Src/STM32F103C8T6_GPIO_Driver.o
 .debug_aranges
                0x000000b0      0x160 ./Driver/Src/STM32F103C8T6_TIM_Driver.o
 .debug_aranges
                0x00000210       0x28 ./Src/TIM_General_InputCapture.o
 .debug_aranges
                0x00000238       0x28 ./Startup/startup_stm32f103c8tx.o

.debug_rnglists
                0x00000000      0x1c2
 .debug_rnglists
                0x00000000       0x84 ./Driver/Src/STM32F103C8T6_GPIO_Driver.o
 .debug_rnglists
                0x00000084      0x10b ./Driver/Src/STM32F103C8T6_TIM_Driver.o
 .debug_rnglists
                0x0000018f       0x1a ./Src/TIM_General_InputCapture.o
 .debug_rnglists
                0x000001a9       0x19 ./Startup/startup_stm32f103c8tx.o

.debug_macro    0x00000000     0x2d5c
 .debug_macro   0x00000000      0x15f ./Driver/Src/STM32F103C8T6_GPIO_Driver.o
 .debug_macro   0x0000015f      0xaae ./Driver/Src/STM32F103C8T6_GPIO_Driver.o
 .debug_macro   0x00000c0d       0x22 ./Driver/Src/STM32F103C8T6_GPIO_Driver.o
 .debug_macro   0x00000c2f       0x8e ./Driver/Src/STM32F103C8T6_GPIO_Driver.o
 .debug_macro   0x00000cbd       0x51 ./Driver/Src/STM32F103C8T6_GPIO_Driver.o
 .debug_macro   0x00000d0e      0x103 ./Driver/Src/STM32F103C8T6_GPIO_Driver.o
 .debug_macro   0x00000e11       0x6a ./Driver/Src/STM32F103C8T6_GPIO_Driver.o
 .debug_macro   0x00000e7b      0x1df ./Driver/Src/STM32F103C8T6_GPIO_Driver.o
 .debug_macro   0x0000105a       0x24 ./Driver/Src/STM32F103C8T6_GPIO_Driver.o
 .debug_macro   0x0000107e       0x61 ./Driver/Src/STM32F103C8T6_GPIO_Driver.o
 .debug_macro   0x000010df       0x43 ./Driver/Src/STM32F103C8T6_GPIO_Driver.o
 .debug_macro   0x00001122       0x34 ./Driver/Src/STM32F103C8T6_GPIO_Driver.o
 .debug_macro   0x00001156       0x16 ./Driver/Src/STM32F103C8T6_GPIO_Driver.o
 .debug_macro   0x0000116c      0x11c ./Driver/Src/STM32F103C8T6_GPIO_Driver.o
 .debug_macro   0x00001288       0x94 ./Driver/Src/STM32F103C8T6_GPIO_Driver.o
 .debug_macro   0x0000131c       0x16 ./Driver/Src/STM32F103C8T6_GPIO_Driver.o
 .debug_macro   0x00001332       0x43 ./Driver/Src/STM32F103C8T6_GPIO_Driver.o
 .debug_macro   0x00001375       0x34 ./Driver/Src/STM32F103C8T6_GPIO_Driver.o
 .debug_macro   0x000013a9       0x10 ./Driver/Src/STM32F103C8T6_GPIO_Driver.o
 .debug_macro   0x000013b9       0x58 ./Driver/Src/STM32F103C8T6_GPIO_Driver.o
 .debug_macro   0x00001411       0x8e ./Driver/Src/STM32F103C8T6_GPIO_Driver.o
 .debug_macro   0x0000149f       0x1c ./Driver/Src/STM32F103C8T6_GPIO_Driver.o
 .debug_macro   0x000014bb      0x177 ./Driver/Src/STM32F103C8T6_GPIO_Driver.o
 .debug_macro   0x00001632      0x369 ./Driver/Src/STM32F103C8T6_GPIO_Driver.o
 .debug_macro   0x0000199b       0x16 ./Driver/Src/STM32F103C8T6_GPIO_Driver.o
 .debug_macro   0x000019b1       0x29 ./Driver/Src/STM32F103C8T6_GPIO_Driver.o
 .debug_macro   0x000019da      0x3b8 ./Driver/Src/STM32F103C8T6_GPIO_Driver.o
 .debug_macro   0x00001d92       0x22 ./Driver/Src/STM32F103C8T6_GPIO_Driver.o
 .debug_macro   0x00001db4       0xe8 ./Driver/Src/STM32F103C8T6_GPIO_Driver.o
 .debug_macro   0x00001e9c      0x156 ./Driver/Src/STM32F103C8T6_TIM_Driver.o
 .debug_macro   0x00001ff2      0x221 ./Driver/Src/STM32F103C8T6_TIM_Driver.o
 .debug_macro   0x00002213      0x1e8 ./Src/TIM_General_InputCapture.o
 .debug_macro   0x000023fb       0x5b ./Src/TIM_General_InputCapture.o
 .debug_macro   0x00002456       0x94 ./Src/TIM_General_InputCapture.o
 .debug_macro   0x000024ea       0x16 ./Src/TIM_General_InputCapture.o
 .debug_macro   0x00002500       0x57 ./Src/TIM_General_InputCapture.o
 .debug_macro   0x00002557       0x9e ./Src/TIM_General_InputCapture.o
 .debug_macro   0x000025f5      0x10b ./Src/TIM_General_InputCapture.o
 .debug_macro   0x00002700       0x10 ./Src/TIM_General_InputCapture.o
 .debug_macro   0x00002710       0x16 ./Src/TIM_General_InputCapture.o
 .debug_macro   0x00002726       0x16 ./Src/TIM_General_InputCapture.o
 .debug_macro   0x0000273c      0x146 ./Src/TIM_General_InputCapture.o
 .debug_macro   0x00002882       0x16 ./Src/TIM_General_InputCapture.o
 .debug_macro   0x00002898       0x35 ./Src/TIM_General_InputCapture.o
 .debug_macro   0x000028cd       0x20 ./Src/TIM_General_InputCapture.o
 .debug_macro   0x000028ed       0xee ./Src/TIM_General_InputCapture.o
 .debug_macro   0x000029db      0x15a ./Src/TIM_General_InputCapture.o
 .debug_macro   0x00002b35      0x227 ./Src/TIM_General_InputCapture.o

.debug_line     0x00000000     0x2522
 .debug_line    0x00000000      0xc76 ./Driver/Src/STM32F103C8T6_GPIO_Driver.o
 .debug_line    0x00000c76     0x1028 ./Driver/Src/STM32F103C8T6_TIM_Driver.o
 .debug_line    0x00001c9e      0x809 ./Src/TIM_General_InputCapture.o
 .debug_line    0x000024a7       0x7b ./Startup/startup_stm32f103c8tx.o

.debug_str      0x00000000     0xa823
 .debug_str     0x00000000     0x882b ./Driver/Src/STM32F103C8T6_GPIO_Driver.o
                               0x8a6c (size before relaxing)
 .debug_str     0x0000882b      0xec8 ./Driver/Src/STM32F103C8T6_TIM_Driver.o
                               0x9488 (size before relaxing)
 .debug_str     0x000096f3     0x10f1 ./Src/TIM_General_InputCapture.o
                               0xa3f3 (size before relaxing)
 .debug_str     0x0000a7e4       0x3f ./Startup/startup_stm32f103c8tx.o
                                 0x7c (size before relaxing)

.comment        0x00000000       0x43
 .comment       0x00000000       0x43 ./Driver/Src/STM32F103C8T6_GPIO_Driver.o
                                 0x44 (size before relaxing)
 .comment       0x00000043       0x44 ./Driver/Src/STM32F103C8T6_TIM_Driver.o
 .comment       0x00000043       0x44 ./Src/TIM_General_InputCapture.o

.debug_frame    0x00000000      0x964
 .debug_frame   0x00000000      0x2cc ./Driver/Src/STM32F103C8T6_GPIO_Driver.o
 .debug_frame   0x000002cc      0x620 ./Driver/Src/STM32F103C8T6_TIM_Driver.o
 .debug_frame   0x000008ec       0x4c ./Src/TIM_General_InputCapture.o
 .debug_frame   0x00000938       0x2c D:/STM32_Cube/STM32CubeIDE_1.15.1/STM32CubeIDE/plugins/com.st.stm32cube.ide.mcu.externaltools.gnu-tools-for-stm32.12.3.rel1.win32_1.0.100.202403111256/tools/bin/../lib/gcc/arm-none-eabi/12.3.1/../../../../arm-none-eabi/lib/thumb/v7-m/nofp\libc_nano.a(libc_a-init.o)

.debug_line_str
                0x00000000       0x60
 .debug_line_str
                0x00000000       0x60 ./Startup/startup_stm32f103c8tx.o
