../Driver/Src/STM32F103C8T6_TIM_Driver.c:15:6:TIM1_RESET	4	static
../Driver/Src/STM32F103C8T6_TIM_Driver.c:21:6:TIM2_RESET	4	static
../Driver/Src/STM32F103C8T6_TIM_Driver.c:27:6:TIM3_RESET	4	static
../Driver/Src/STM32F103C8T6_TIM_Driver.c:33:6:TIM4_RESET	4	static
../Driver/Src/STM32F103C8T6_TIM_Driver.c:40:6:TIM6_RESET	4	static
../Driver/Src/STM32F103C8T6_TIM_Driver.c:46:6:TIM7_RESET	4	static
../Driver/Src/STM32F103C8T6_TIM_Driver.c:56:9:TIM_General_GetDirectCounter	16	static
../Driver/Src/STM32F103C8T6_TIM_Driver.c:68:6:TIM_Advance_ClearUpdateInterruptFlag	16	static
../Driver/Src/STM32F103C8T6_TIM_Driver.c:72:6:TIM_Gerenal_ClearUpdateInterruptFlag	16	static
../Driver/Src/STM32F103C8T6_TIM_Driver.c:76:6:TIM_Base_ClearUpdateInterruptFlag	16	static
../Driver/Src/STM32F103C8T6_TIM_Driver.c:81:6:TIM_IRQPriorityConFig	24	static
../Driver/Src/STM32F103C8T6_TIM_Driver.c:89:6:TIM_IRQConFig	16	static
../Driver/Src/STM32F103C8T6_TIM_Driver.c:127:6:TIM_General_ClkControl	16	static
../Driver/Src/STM32F103C8T6_TIM_Driver.c:165:6:TIM_General_Init	24	static
../Driver/Src/STM32F103C8T6_TIM_Driver.c:194:6:TIM_General_DeInit	16	static
../Driver/Src/STM32F103C8T6_TIM_Driver.c:212:6:TIM_General_CounterEnable	16	static
../Driver/Src/STM32F103C8T6_TIM_Driver.c:221:6:TIM_General_UpdateGeneration	16	static
../Driver/Src/STM32F103C8T6_TIM_Driver.c:226:6:TIM_General_UpdateRequestSource	16	static
../Driver/Src/STM32F103C8T6_TIM_Driver.c:235:6:TIM_General_UpdateInterruptControl	16	static
../Driver/Src/STM32F103C8T6_TIM_Driver.c:244:6:TIM_General_EventInterruptControl	16	static
../Driver/Src/STM32F103C8T6_TIM_Driver.c:254:6:TIM_General_ClearInterrupttFlag	16	static
../Driver/Src/STM32F103C8T6_TIM_Driver.c:258:6:TIM_General_Start	16	static
../Driver/Src/STM32F103C8T6_TIM_Driver.c:266:6:TIM_General_Stop	16	static
../Driver/Src/STM32F103C8T6_TIM_Driver.c:273:6:TIM_General_IC_Init	32	static
../Driver/Src/STM32F103C8T6_TIM_Driver.c:332:6:TIM_General_IC_DeInit	16	static
../Driver/Src/STM32F103C8T6_TIM_Driver.c:336:6:TIM_General_IC_Start	24	static
../Driver/Src/STM32F103C8T6_TIM_Driver.c:342:6:TIM_General_IC_Start_IT	16	static
../Driver/Src/STM32F103C8T6_TIM_Driver.c:383:6:TIM_General_IC_FilterConfig	16	static
../Driver/Src/STM32F103C8T6_TIM_Driver.c:452:6:TIM_Base_ClkControl	16	static
../Driver/Src/STM32F103C8T6_TIM_Driver.c:495:6:TIM_Base_Init	24	static
../Driver/Src/STM32F103C8T6_TIM_Driver.c:510:6:TIM_Base_DeInit	16	static
../Driver/Src/STM32F103C8T6_TIM_Driver.c:522:6:TIM_Base_CounterEnable	16	static
../Driver/Src/STM32F103C8T6_TIM_Driver.c:531:6:TIM_Base_UpdateInterruptControl	16	static
../Driver/Src/STM32F103C8T6_TIM_Driver.c:540:6:TIM_Base_UpdateEventDisable	16	static
../Driver/Src/STM32F103C8T6_TIM_Driver.c:544:6:TIM_Base_MasterModeSelection	24	static
../Driver/Src/STM32F103C8T6_TIM_Driver.c:551:6:TIM_Base_UpdateGeneration	16	static
../Driver/Src/STM32F103C8T6_TIM_Driver.c:556:6:TIM_Base_UpdateRequestSource	16	static
../Driver/Src/STM32F103C8T6_TIM_Driver.c:565:10:TIM_Base_GetCounterValue	16	static
../Driver/Src/STM32F103C8T6_TIM_Driver.c:569:6:TIM_Base_IRQHandler	16	static
../Driver/Src/STM32F103C8T6_TIM_Driver.c:573:6:TIM_Base_Start	16	static
../Driver/Src/STM32F103C8T6_TIM_Driver.c:577:6:TIM_Base_Start_IT	16	static
