../Driver/Src/STM32F103C8T6_SPI_Driver.c:11:6:SPI_ClkControl	16	static
../Driver/Src/STM32F103C8T6_SPI_Driver.c:43:6:SPI1_RESET	4	static
../Driver/Src/STM32F103C8T6_SPI_Driver.c:49:6:SPI2_RESET	4	static
../Driver/Src/STM32F103C8T6_SPI_Driver.c:55:6:SPI3_RESET	4	static
../Driver/Src/STM32F103C8T6_SPI_Driver.c:62:6:SPI_Init	24	static
../Driver/Src/STM32F103C8T6_SPI_Driver.c:102:6:SPI_DeInit	16	static
../Driver/Src/STM32F103C8T6_SPI_Driver.c:117:6:SPI_CREnable	16	static
../Driver/Src/STM32F103C8T6_SPI_Driver.c:127:9:SPI_GetFlagStatus	16	static
../Driver/Src/STM32F103C8T6_SPI_Driver.c:136:6:SPI_SendData	24	static
../Driver/Src/STM32F103C8T6_SPI_Driver.c:156:6:SPI_ReceiveData	24	static
../Driver/Src/STM32F103C8T6_SPI_Driver.c:179:6:SPI_IRQPriorityConFig	24	static
../Driver/Src/STM32F103C8T6_SPI_Driver.c:187:6:SPI_IRQConFig	16	static
../Driver/Src/STM32F103C8T6_SPI_Driver.c:220:28:SPI_ApplicationEventCallBack	16	static
../Driver/Src/STM32F103C8T6_SPI_Driver.c:224:13:SPI_ClearOverunFlag	24	static
../Driver/Src/STM32F103C8T6_SPI_Driver.c:231:13:SPI_CloseTransMission	16	static
../Driver/Src/STM32F103C8T6_SPI_Driver.c:238:13:SPI_CloseReceive	16	static
../Driver/Src/STM32F103C8T6_SPI_Driver.c:246:13:SPI_TxEInterruptHandler	16	static
../Driver/Src/STM32F103C8T6_SPI_Driver.c:266:13:SPI_RxNEInterruptHandler	16	static
../Driver/Src/STM32F103C8T6_SPI_Driver.c:286:13:SPI_OverunInterruptHandler	16	static
../Driver/Src/STM32F103C8T6_SPI_Driver.c:295:6:SPI_IRQHandling	24	static
../Driver/Src/STM32F103C8T6_SPI_Driver.c:324:9:SPI_SendDataWithIT	32	static
../Driver/Src/STM32F103C8T6_SPI_Driver.c:341:9:SPI_ReceiveDataWithIT	32	static
