../Driver/Src/STM32F103C8T6_GPIO_Driver.c:11:6:AFIO_Init	4	static
../Driver/Src/STM32F103C8T6_GPIO_Driver.c:15:6:AFIO_DeInit	4	static
../Driver/Src/STM32F103C8T6_GPIO_Driver.c:20:9:EXTIxValue_FromPort	16	static
../Driver/Src/STM32F103C8T6_GPIO_Driver.c:49:6:GPIO_Init	32	static
../Driver/Src/STM32F103C8T6_GPIO_Driver.c:132:6:GPIOA_RESET	4	static
../Driver/Src/STM32F103C8T6_GPIO_Driver.c:138:6:GPIOB_RESET	4	static
../Driver/Src/STM32F103C8T6_GPIO_Driver.c:144:6:GPIOC_RESET	4	static
../Driver/Src/STM32F103C8T6_GPIO_Driver.c:150:6:GPIOD_RESET	4	static
../Driver/Src/STM32F103C8T6_GPIO_Driver.c:156:6:GPIOE_RESET	4	static
../Driver/Src/STM32F103C8T6_GPIO_Driver.c:163:6:GPIO_DeInit	16	static
../Driver/Src/STM32F103C8T6_GPIO_Driver.c:185:6:GPIO_ClkControl	16	static
../Driver/Src/STM32F103C8T6_GPIO_Driver.c:230:9:GPIO_ReadFromInputPin	24	static
../Driver/Src/STM32F103C8T6_GPIO_Driver.c:237:10:GPIO_ReadFromInputPort	24	static
../Driver/Src/STM32F103C8T6_GPIO_Driver.c:243:6:GPIO_WriteToOutPutPin	16	static
../Driver/Src/STM32F103C8T6_GPIO_Driver.c:254:6:GPIO_WriteToOutPutPort	16	static
../Driver/Src/STM32F103C8T6_GPIO_Driver.c:257:6:GPIO_ToggleOutPutPin	16	static
../Driver/Src/STM32F103C8T6_GPIO_Driver.c:262:6:GPIO_IRQPriorityConFig	24	static
../Driver/Src/STM32F103C8T6_GPIO_Driver.c:270:6:GPIO_IRQConFig	16	static
../Driver/Src/STM32F103C8T6_GPIO_Driver.c:302:6:GPIO_IRQHandling	16	static
